[03/Apr/2026 17:39:41] "GET /recherche/ HTTP/1.1" 200 34346
[03/Apr/2026 17:40:32] "GET / HTTP/1.1" 302 0
[03/Apr/2026 17:40:32] "GET /connexion/ HTTP/1.1" 200 14753
[03/Apr/2026 17:40:36] "GET /recherche/ HTTP/1.1" 200 34346
[03/Apr/2026 17:40:37] "GET /import/ HTTP/1.1" 200 2816349
[03/Apr/2026 17:40:38] "GET /api/assets/passionfroid_petits_grammages_5909_b24e571ae34e9abce4ea1e590d5b7da2/ HTTP/1.1" 200 1118
[03/Apr/2026 17:40:40] "GET /api/assets/passionfroid_petits_grammages_147042_13d20cdde666a5465ee19caac1e2f658/ HTTP/1.1" 200 1120
[03/Apr/2026 17:40:44] "GET /api/assets/passionfroid_petits_grammages_292774_fc2afe72b51717f6a88514d0234ad0c4/ HTTP/1.1" 200 1120
[03/Apr/2026 17:40:45] "GET /api/assets/passionfroid_petits_grammages_292774_fc2afe72b51717f6a88514d0234ad0c4/ HTTP/1.1" 200 1120
[03/Apr/2026 17:40:46] "GET /api/assets/passionfroid_egalim_209656_e1a797e82d0a6385cb90e334c823593b/ HTTP/1.1" 200 1067
[03/Apr/2026 17:40:47] "GET /api/assets/passionfroid_egalim_321522_33a43bccdda67f56f6cd23c72e261f0b/ HTTP/1.1" 200 1067
[03/Apr/2026 17:40:47] "GET /api/assets/passionfroid_egalim_288509_2a15bf894dfeb870f67a6c6a4dbf88e6/ HTTP/1.1" 200 1067
[03/Apr/2026 17:40:48] "GET /api/assets/passionfroid_egalim_147076_68bf4a334b8e78649051cc764ee3ba2a/ HTTP/1.1" 200 1067
[03/Apr/2026 17:40:49] "GET /api/assets/passionfroid_egalim_321244_sdq_s_lection_du_quotidien/ HTTP/1.1" 200 988
[03/Apr/2026 17:40:50] "GET /api/assets/passionfroid_egalim_270478_1a59c3b4a4bcaa471970b8c51267cf25/ HTTP/1.1" 200 1067
[03/Apr/2026 17:40:51] "GET /api/assets/passionfroid_egalim_278561_8ae1bc1160309459815769fc74b99ef9/ HTTP/1.1" 200 1067
[03/Apr/2026 17:40:51] "GET /api/assets/passionfroid_egalim_274025_b13dd92d2e3167429dfb779ccba440f8/ HTTP/1.1" 200 1067
[03/Apr/2026 17:40:53] "GET /api/assets/passionfroid_egalim_324452_bon_engage/ HTTP/1.1" 200 880
[03/Apr/2026 17:40:57] "GET /api/assets/passionfroid_glace_274679_ma_tres_bonne_glace/ HTTP/1.1" 200 928
[03/Apr/2026 17:41:00] "GET /api/assets/passionfroid_glace_177281_da88ef30d6401adaa4173b92b9e6d467/ HTTP/1.1" 200 1064
[03/Apr/2026 17:58:24] "GET /api/assets/passionfroid_glace_245177_bon_engage/ HTTP/1.1" 200 877
[03/Apr/2026 17:58:24] "GET /api/assets/passionfroid_glace_235824_oasis/ HTTP/1.1" 200 850
[03/Apr/2026 17:58:27] "GET /import/ HTTP/1.1" 200 2830826
[03/Apr/2026 17:58:27] "GET /api/assets/passionfroid_petits_grammages_5909_b24e571ae34e9abce4ea1e590d5b7da2/ HTTP/1.1" 200 1379
[03/Apr/2026 17:58:56] "GET /api/assets/passionfroid_egalim_288509_2a15bf894dfeb870f67a6c6a4dbf88e6/ HTTP/1.1" 200 1067
[03/Apr/2026 17:58:57] "GET /api/assets/passionfroid_petits_grammages_147042_13d20cdde666a5465ee19caac1e2f658/ HTTP/1.1" 200 1120
